[www.instrakventurecapital.com/index.html]
[backblue.gif]
[fade.gif]
[index.html]
[www.instrakventurecapital.com/feed/index.html]
[www.instrakventurecapital.com/comments/feed/index.html]
[www.instrakventurecapital.com/wp-json/oembed/1.0/embedb706.json]
[www.instrakventurecapital.com/wp-json/oembed/1.0/embed45dc]
[www.instrakventurecapital.com/wp-includes/css/dist/block-library/style.mind4d0.css]
[www.instrakventurecapital.com/wp-content/plugins/mappress-google-maps-for-wordpress/css/mappressca1e.css]
[www.instrakventurecapital.com/wp-content/fonts/1c9fda7166f4313ca6a996d82bd9292ec5c9.css]
[www.instrakventurecapital.com/wp-content/themes/dhor/stylec5c9.css]
[www.instrakventurecapital.com/wp-includes/css/dashicons.mind4d0.css]
[www.instrakventurecapital.com/wp-content/plugins/chatbot/css/common-style0e5f.css]
[www.instrakventurecapital.com/wp-content/plugins/chatbot/css/magnific-popup0e5f.css]
[www.instrakventurecapital.com/wp-content/plugins/chatbot/templates/template-00/shortcode0e5f.css]
[www.instrakventurecapital.com/wp-includes/js/jquery/jquery.minf43b.js]
[www.instrakventurecapital.com/wp-includes/js/jquery/jquery-migrate.min5589.js]
[www.instrakventurecapital.com/wp-json/wp/v2/pages/34.json]
[www.instrakventurecapital.com/xmlrpc0db0.php]
[www.instrakventurecapital.com/wp-json/index.html]
[www.instrakventurecapital.com/wp-content/uploads/2021/01/cropped-INSTRAK-Logo-1-150x78.png]
[www.instrakventurecapital.com/wp-content/uploads/2021/01/cropped-INSTRAK-Logo-1.png]
[www.instrakventurecapital.com/wp-content/plugins/chatbot/templates/template-00/style0e5f.css]
[www.instrakventurecapital.com/wp-content/uploads/2021/01/cropped-cropped-cropped-INSTRAK-Logo-1-1.png]
[www.instrakventurecapital.com/wp-content/uploads/2022/07/360_F_332276875_i4cLGTFLBqAggLWymmloX858dg8sgR6F.jpg]
[www.instrakventurecapital.com/mission-vision-values/index.html]
[www.instrakventurecapital.com/services/index.html]
[www.instrakventurecapital.com/board-of-directors/index.html]
[www.instrakventurecapital.com/wp-content/uploads/2021/01/TRX1.png]
[www.instrakventurecapital.com/investors/index.html]
[www.instrakventurecapital.com/latest-news-2/index.html]
[www.instrakventurecapital.com/join-us/index.html]
[www.instrakventurecapital.com/wp-content/uploads/2022/07/pump-jack-oilfield-oil-848300-edited.jpg]
[www.instrakventurecapital.com/wp-content/uploads/2022/07/books-bookshelf-old-4515917-edited.jpg]
[www.instrakventurecapital.com/contact/index.html]
[www.instrakventurecapital.com/wp-content/uploads/2022/07/car-mechanic-automobile-1751750-edited.jpg]
[www.instrakventurecapital.com/wp-content/uploads/2022/07/building-built-construction-2739204-edited-1.jpg]
[www.instrakventurecapital.com/wp-content/uploads/2022/07/buildings-skyline-chicago-185542-1024x768.jpg]
[www.instrakventurecapital.com/wp-content/uploads/2022/07/colors-colours-container-1838392-edited.jpg]
[www.instrakventurecapital.com/wp-content/uploads/2022/07/industry-machine-machinery-319580-edited.jpg]
[www.instrakventurecapital.com/wp-content/uploads/2022/07/ecommerce-online-shopping-3563183-edited.jpg]
[www.instrakventurecapital.com/wp-content/plugins/chatbot/images/custom.png]
[www.instrakventurecapital.com/wp-content/plugins/creative-mail-by-constant-contact/assets/js/block/submita89c.js]
[www.instrakventurecapital.com/wp-includes/js/dist/dom-ready.min5346.js]
[www.instrakventurecapital.com/wp-content/plugins/astra-sites/inc/lib/onboarding/assets/dist/template-preview/main1006.js]
[www.instrakventurecapital.com/wp-content/themes/dhor/js/navigationc5c9.js]
[www.instrakventurecapital.com/wp-content/themes/dhor/js/customc5c9.js]
[www.instrakventurecapital.com/wp-content/plugins/chatbot/js/jquery.slimscroll.min0e5f.js]
[www.instrakventurecapital.com/wp-content/plugins/chatbot/js/jquery.cookie0e5f.js]
[www.instrakventurecapital.com/wp-content/plugins/chatbot/js/jquery.magnific-popup.min0e5f.js]
[www.instrakventurecapital.com/wp-content/plugins/chatbot/js/qcld-wp-chatbot-plugin0e5f.js]
[www.instrakventurecapital.com/wp-content/plugins/chatbot/js/qcld-wp-chatbot-front0e5f.js]
[www.instrakventurecapital.com/index.html]
[www.instrakventurecapital.com/wp-includes/css/dist/block-library/style.mind4d0.css]
[www.instrakventurecapital.com/wp-content/plugins/mappress-google-maps-for-wordpress/images/loading.gif]
[www.instrakventurecapital.com/wp-content/plugins/mappress-google-maps-for-wordpress/images/geolocate.svg]
[www.instrakventurecapital.com/wp-content/plugins/mappress-google-maps-for-wordpress/images/search_black.png]
[www.instrakventurecapital.com/wp-content/plugins/mappress-google-maps-for-wordpress/images/search_blue.png]
[www.instrakventurecapital.com/wp-content/plugins/mappress-google-maps-for-wordpress/images/spinner-2x.gif]
[www.instrakventurecapital.com/wp-content/plugins/mappress-google-maps-for-wordpress/images/swapvert.svg]
[www.instrakventurecapital.com/wp-content/plugins/mappress-google-maps-for-wordpress/images/menu-2x.png]
[www.instrakventurecapital.com/wp-content/plugins/mappress-google-maps-for-wordpress/css/mappressca1e.css]
[www.instrakventurecapital.com/home/instrakv/public_html/wp-content/fonts/oxygen/2sDfZG1Wl4LcnbuKgE0mV0Q.woff2]
[www.instrakventurecapital.com/home/instrakv/public_html/wp-content/fonts/oxygen/2sDfZG1Wl4LcnbuKjk0m.woff2]
[www.instrakventurecapital.com/home/instrakv/public_html/wp-content/fonts/oxygen/2sDcZG1Wl4LcnbuCNWgzZmW5O7w.woff2]
[www.instrakventurecapital.com/home/instrakv/public_html/wp-content/fonts/oxygen/2sDcZG1Wl4LcnbuCNWgzaGW5.woff2]
[www.instrakventurecapital.com/wp-content/fonts/1c9fda7166f4313ca6a996d82bd9292ec5c9.css]
[www.instrakventurecapital.com/wp-content/themes/dhor/assets/img/icon-dropdown.svg]
[www.instrakventurecapital.com/wp-content/themes/dhor/stylec5c9.css]
[www.instrakventurecapital.com/wp-includes/fonts/dashicons7d4b.eot]
[www.instrakventurecapital.com/wp-includes/fonts/dashicons7d4b.ttf]
[www.instrakventurecapital.com/wp-includes/css/dashicons.mind4d0.css]
[www.instrakventurecapital.com/wp-content/plugins/chatbot/fonts/quicksand-regular-webfont.woff2]
[www.instrakventurecapital.com/wp-content/plugins/chatbot/fonts/quicksand-regular-webfont.woff]
[www.instrakventurecapital.com/wp-content/plugins/chatbot/images/tab-btn-icon.png]
[www.instrakventurecapital.com/wp-content/plugins/chatbot/images/send-button.png]
[www.instrakventurecapital.com/wp-content/plugins/chatbot/images/wp-boat-product-close-icon.png]
[www.instrakventurecapital.com/wp-content/plugins/chatbot/css/common-style0e5f.css]
[www.instrakventurecapital.com/wp-content/plugins/chatbot/css/magnific-popup0e5f.css]
[www.instrakventurecapital.com/wp-content/plugins/chatbot/templates/template-00/shortcode0e5f.css]
[www.instrakventurecapital.com/wp-content/plugins/chatbot/images/tab-btn-icon-new.png]
[www.instrakventurecapital.com/wp-content/plugins/chatbot/images/send-button-new.png]
[www.instrakventurecapital.com/wp-content/plugins/chatbot/images/bg-03.jpg]
[www.instrakventurecapital.com/wp-content/plugins/chatbot/templates/template-00/style0e5f.css]
[www.instrakventurecapital.com/wp-json/oembed/1.0/embedb9d3.json]
[www.instrakventurecapital.com/wp-json/oembed/1.0/embedd8a4]
[www.instrakventurecapital.com/wp-json/wp/v2/pages/181.json]
[www.instrakventurecapital.com/wp-content/uploads/2022/07/people-business-meeting-1979261.jpg]
[www.instrakventurecapital.com/wp-content/uploads/2022/07/skyscraper-architecture-city-3094696-1024x582.jpg]
[www.instrakventurecapital.com/wp-content/uploads/2022/07/gallery-2.jpg]
[www.instrakventurecapital.com/mission-vision-values/index.html]
[www.instrakventurecapital.com/wp-json/oembed/1.0/embed854b.json]
[www.instrakventurecapital.com/wp-json/oembed/1.0/embed3337]
[www.instrakventurecapital.com/wp-json/wp/v2/pages/182.json]
[www.instrakventurecapital.com/wp-content/uploads/2022/07/Picture2.png]
[www.instrakventurecapital.com/wp-content/uploads/2022/07/Picture3.png]
[www.instrakventurecapital.com/wp-content/uploads/2022/07/Picture4.png]
[www.instrakventurecapital.com/wp-content/uploads/2022/07/Picture5.png]
[www.instrakventurecapital.com/wp-content/uploads/2022/07/Picture6.png]
[www.instrakventurecapital.com/wp-content/uploads/2022/07/Picture7.png]
[www.instrakventurecapital.com/wp-content/uploads/2022/07/Picture8.png]
[www.instrakventurecapital.com/board-of-directors/index.html]
[www.instrakventurecapital.com/wp-json/oembed/1.0/embed2132.json]
[www.instrakventurecapital.com/wp-json/oembed/1.0/embed8f01]
[www.instrakventurecapital.com/wp-json/wp/v2/pages/155.json]
[www.instrakventurecapital.com/wp-content/uploads/2022/08/laptop-office-hand-3196481-1024x682.jpg]
[www.instrakventurecapital.com/wp-content/uploads/2022/07/How-Financial-Services-Consulting-Can-Help-Your-Business-2-1-e1660016152397.png]
[www.instrakventurecapital.com/wp-content/uploads/2022/08/equity-fairness-equitable-letters-2355700-1024x682.jpg]
[www.instrakventurecapital.com/wp-content/uploads/2022/07/city-big-construction-2720913-1024x682.jpg]
[www.instrakventurecapital.com/services/index.html]
[www.instrakventurecapital.com/wp-json/oembed/1.0/embedf12b.json]
[www.instrakventurecapital.com/wp-json/oembed/1.0/embedb965]
[www.instrakventurecapital.com/wp-content/plugins/wpforms-lite/assets/css/frontend/classic/wpforms-full.mind6d4.css]
[www.instrakventurecapital.com/wp-json/wp/v2/pages/201.json]
[www.instrakventurecapital.com/wp-content/plugins/wpforms-lite/assets/images/submit-spin.svg]
[www.instrakventurecapital.com/wp-content/plugins/wpforms-lite/assets/lib/jquery.validate.min3c17.js]
[www.instrakventurecapital.com/wp-content/plugins/wpforms-lite/assets/lib/mailcheck.mincfa9.js]
[www.instrakventurecapital.com/wp-content/plugins/wpforms-lite/assets/lib/punycode.min8a54.js]
[www.instrakventurecapital.com/wp-content/plugins/wpforms-lite/assets/js/share/utils.mind6d4.js]
[www.instrakventurecapital.com/wp-content/plugins/wpforms-lite/assets/js/frontend/wpforms.mind6d4.js]
[www.instrakventurecapital.com/wp-content/plugins/wpforms-lite/assets/js/frontend/fields/address.mind6d4.js]
[www.instrakventurecapital.com/investors/index.html]
[www.instrakventurecapital.com/wp-json/oembed/1.0/embedf34f.json]
[www.instrakventurecapital.com/wp-json/oembed/1.0/embede857]
[www.instrakventurecapital.com/wp-json/wp/v2/pages/162.json]
[www.instrakventurecapital.com/wp-content/uploads/2022/08/laptop-office-hand-3196481.jpg]
[www.instrakventurecapital.com/join-us/index.html]
[www.instrakventurecapital.com/wp-json/oembed/1.0/embed1eba.json]
[www.instrakventurecapital.com/wp-json/oembed/1.0/embeddaa9]
[www.instrakventurecapital.com/wp-json/wp/v2/pages/602.json]
[www.instrakventurecapital.com/latest-news-2/index.html]
[www.instrakventurecapital.com/wp-json/oembed/1.0/embedddba.json]
[www.instrakventurecapital.com/wp-json/oembed/1.0/embed8730]
[www.instrakventurecapital.com/wp-json/wp/v2/pages/7.json]
[www.instrakventurecapital.com/contact/index.html]
[www.instrakventurecapital.com/wp-content/plugins/mappress-google-maps-for-wordpress/images/fullscreen.svg]
[www.instrakventurecapital.com/wp-content/plugins/mappress-google-maps-for-wordpress/images/geolocate.svg]
[www.instrakventurecapital.com/wp-content/plugins/mappress-google-maps-for-wordpress/images/swapvert.svg]
[www.instrakventurecapital.com/home/instrakv/public_html/wp-content/fonts/oxygen/2sDfZG1Wl4LcnbuKgE0mV0Q.html]
[www.instrakventurecapital.com/home/instrakv/public_html/wp-content/fonts/oxygen/2sDfZG1Wl4LcnbuKjk0m.html]
[www.instrakventurecapital.com/home/instrakv/public_html/wp-content/fonts/oxygen/2sDcZG1Wl4LcnbuCNWgzZmW5O7w.html]
[www.instrakventurecapital.com/home/instrakv/public_html/wp-content/fonts/oxygen/2sDcZG1Wl4LcnbuCNWgzaGW5.html]
[www.instrakventurecapital.com/wp-content/themes/dhor/assets/img/icon-dropdown.svg]
[www.instrakventurecapital.com/index7c2c.html]
[www.instrakventurecapital.com/index7b17.html]
[www.instrakventurecapital.com/index43b2.html]
[www.instrakventurecapital.com/wp-content/plugins/wpforms-lite/assets/pro/images/times-solid-white.6f.delayed]
[www.instrakventurecapital.com/wp-content/plugins/wpforms-lite/assets/pro/images/camera-video.svg]
[www.instrakventurecapital.com/wp-content/plugins/wpforms-lite/assets/images/crop.svg]
[www.instrakventurecapital.com/wp-content/plugins/wpforms-lite/assets/pro/images/camera-rotate.svg]
[www.instrakventurecapital.com/wp-content/plugins/wpforms-lite/assets/pro/images/camera.svg]
[www.instrakventurecapital.com/wp-content/plugins/wpforms-lite/assets/pro/images/crop.svg]
[www.instrakventurecapital.com/wp-content/plugins/wpforms-lite/assets/pro/images/cancel.svg]
[www.instrakventurecapital.com/wp-content/plugins/wpforms-lite/assets/pro/images/trash.svg]
[www.instrakventurecapital.com/wp-content/plugins/wpforms-lite/assets/css/frontend/classic/wpforms-full.mind6d4.css]
[www.instrakventurecapital.com/index5721.html]
[www.instrakventurecapital.com/wp-content/plugins/wpforms-lite/assets/images/submit-spin.svg]
[www.instrakventurecapital.com/indexbbc7.html]
[www.instrakventurecapital.com/indexca7f.html]
[www.instrakventurecapital.com/indexc4f7.html]
[www.instrakventurecapital.com/wp-content/plugins/wpforms-lite/assets/pro/images/times-solid-white.html]
[www.instrakventurecapital.com/wp-content/plugins/wpforms-lite/assets/pro/images/camera-video.html]
[www.instrakventurecapital.com/wp-content/plugins/wpforms-lite/assets/images/crop.html]
[www.instrakventurecapital.com/wp-content/plugins/wpforms-lite/assets/pro/images/camera-rotate.html]
[www.instrakventurecapital.com/wp-content/plugins/wpforms-lite/assets/pro/images/camera.html]
[www.instrakventurecapital.com/wp-content/plugins/wpforms-lite/assets/pro/images/crop.html]
[www.instrakventurecapital.com/wp-content/plugins/wpforms-lite/assets/pro/images/cancel.html]
[www.instrakventurecapital.com/wp-content/plugins/wpforms-lite/assets/pro/images/trash.html]
